Microchip MPLAB XC8 Compiler V2.32

Linker command line:

-W-3 --edf=D:\Program File\MicroChip\xc8\v2.32\pic\dat\en_msgs.txt -cn \
  -h+dist/default/production\LCD_I2C.X.production.sym \
  --cmf=dist/default/production\LCD_I2C.X.production.cmf -z -Q16F887 \
  -oC:\Users\marco\AppData\Local\Temp\xcAs9bk.4 --defsym=__MPLAB_BUILD=1 \
  -Mdist/default/production/LCD_I2C.X.production.map -E1 -ver=XC8 Compiler \
  --acfsm=1493 -ASTACK=0110h-016Fh -pstack=STACK -ACODE=00h-07FFhx4 \
  -ASTRCODE=00h-01FFFh -ASTRING=00h-0FFhx32 -ACONST=00h-0FFhx32 \
  -AENTRY=00h-0FFhx32 -ACOMMON=070h-07Fh -ABANK0=020h-06Fh \
  -ABANK1=0A0h-0EFh -ABANK2=0110h-016Fh -ABANK3=0190h-01EFh \
  -ARAM=020h-06Fh,0A0h-0EFh,0110h-016Fh,0190h-01EFh \
  -AABS1=020h-07Fh,0A0h-0EFh,0110h-016Fh,0190h-01EFh -ASFR0=00h-01Fh \
  -ASFR1=080h-09Fh -ASFR2=0100h-010Fh -ASFR3=0180h-018Fh \
  -ACONFIG=02007h-02008h -DCONFIG=2 -AIDLOC=02000h-02003h -DIDLOC=2 \
  -AEEDATA=00h-0FFh/02100h -peeprom_data=EEDATA -DEEDATA=2 -DCODE=2 \
  -DSTRCODE=2 -DSTRING=2 -DCONST=2 -DENTRY=2 \
  -preset_vec=00h,intentry=04h,init,end_init -ppowerup=CODE -pcinit=CODE \
  -pfunctab=ENTRY -k C:\Users\marco\AppData\Local\Temp\xcAs9bk.o \
  dist/default/production\LCD_I2C.X.production.o 

Object code version is 3.11

Machine type is 16F887



                Name                               Link     Load   Length Selector   Space Scale
C:\Users\marco\AppData\Local\Temp\xcAs9bk.o
                end_init                              C        C        3        8       0
                reset_vec                             0        0        3        0       0
                config                             2007     2007        2        0       4
dist/default/production\LCD_I2C.X.production.o
                cinit                                 F        F       1F        8       0
                intentry                              4        4        8        8       0
                config                             2007     2007        2        0       4
                text26                             1666     1666        7     2CCC       0
                text25                              88E      88E       69     111C       0
                text24                              B9B      B9B      1DD     1736       0
                text23                              987      987       A4     130E       0
                text22                             1791     1791       29     2F22       0
                text21                              422      422      361        8       0
                text20                              D78      D78      288     1AF0       0
                text19                             1746     1746       24     2E8C       0
                text18                              783      783       7C        8       0
                text17                             176A     176A       27     2ED4       0
                text16                              ADF      ADF       BC     15BE       0
                text15                               2E       2E      3F4        8       0
                text14                             167F     167F        D     2CFE       0
                text13                             168C     168C        D     2D18       0
                text12                             166D     166D        9     2CDA       0
                text11                             1676     1676        9     2CEC       0
                text10                             1699     1699       10     2D32       0
                text9                              16F1     16F1       1B     2DE2       0
                text8                              16BF     16BF       18     2D7E       0
                text7                              16D7     16D7       1A     2DAE       0
                text6                               8F7      8F7       90     11EE       0
                text5                               856      856       38     10AC       0
                text4                              170C     170C       1B     2E18       0
                text3                              17BA     17BA       46     2F74       0
                text2                              1727     1727       1F     2E4E       0
                text1                              16A9     16A9       16     2D52       0
                maintext                            A2B      A2B       B4     1456       0
                cstackBANK0                          20       20       49       20       1
                cstackCOMMON                         70       70        A       70       1
                cstackBANK1                          AF       AF        F       A0       1
                bssBANK1                             A0       A0        F       A0       1
                bssBANK0                             69       69        1       20       1
                dataCOMMON                           7B       7B        1       70       1
                bssCOMMON                            7A       7A        1       70       1
                strings                             800      800       53     1000       0
                nvBANK1                              BE       BE        1       A0       1
                idataCOMMON                         7FF      7FF        1        8       0

TOTAL           Name                               Link     Load   Length     Space
        CLASS   STACK          

        CLASS   CODE           
                end_init                              C        C        3         0
                cinit                                 F        F       1F         0
                intentry                              4        4        8         0
                reset_vec                             0        0        3         0
                text26                             1666     1666        7         0
                text25                              88E      88E       69         0
                text24                              B9B      B9B      1DD         0
                text23                              987      987       A4         0
                text22                             1791     1791       29         0
                text21                              422      422      361         0
                text20                              D78      D78      288         0
                text19                             1746     1746       24         0
                text18                              783      783       7C         0
                text17                             176A     176A       27         0
                text16                              ADF      ADF       BC         0
                text15                               2E       2E      3F4         0
                text14                             167F     167F        D         0
                text13                             168C     168C        D         0
                text12                             166D     166D        9         0
                text11                             1676     1676        9         0
                text10                             1699     1699       10         0
                text9                              16F1     16F1       1B         0
                text8                              16BF     16BF       18         0
                text7                              16D7     16D7       1A         0
                text6                               8F7      8F7       90         0
                text5                               856      856       38         0
                text4                              170C     170C       1B         0
                text3                              17BA     17BA       46         0
                text2                              1727     1727       1F         0
                text1                              16A9     16A9       16         0
                maintext                            A2B      A2B       B4         0
                idataCOMMON                         7FF      7FF        1         0

        CLASS   STRCODE        

        CLASS   STRING         
                strings                             800      800       53         0

        CLASS   CONST          

        CLASS   ENTRY          

        CLASS   COMMON         
                cstackCOMMON                         70       70        A         1
                dataCOMMON                           7B       7B        1         1
                bssCOMMON                            7A       7A        1         1

        CLASS   BANK0          
                cstackBANK0                          20       20       49         1
                bssBANK0                             69       69        1         1

        CLASS   BANK1          
                cstackBANK1                          AF       AF        F         1
                bssBANK1                             A0       A0        F         1
                nvBANK1                              BE       BE        1         1

        CLASS   BANK2          

        CLASS   BANK3          

        CLASS   RAM            

        CLASS   ABS1           
                abs_s1                               7E       7E        2         1

        CLASS   SFR0           

        CLASS   SFR1           

        CLASS   SFR2           

        CLASS   SFR3           

        CLASS   CONFIG         
                config                             2007     2007        2         4

        CLASS   IDLOC          

        CLASS   EEDATA         



SEGMENTS        Name                           Load    Length   Top    Selector   Space  Class     Delta

                reset_vec                      000000  000003  000003         0       0  CODE        2
                intentry                       000004  0007FC  000800         8       0  CODE        2
                cstackBANK0                    000020  00004A  00006A        20       1  BANK0       1
                cstackCOMMON                   000070  00000C  00007C        70       1  COMMON      1
                bssBANK1                       0000A0  00001F  0000BF        A0       1  BANK1       1
                strings                        000800  000053  000853      1000       0  STRING      2
                text5                          000856  000038  00088E      10AC       0  CODE        2
                text25                         00088E  000069  0008F7      111C       0  CODE        2
                text6                          0008F7  000090  000987      11EE       0  CODE        2
                text23                         000987  0000A4  000A2B      130E       0  CODE        2
                maintext                       000A2B  0000B4  000ADF      1456       0  CODE        2
                text16                         000ADF  0000BC  000B9B      15BE       0  CODE        2
                text24                         000B9B  0001DD  000D78      1736       0  CODE        2
                text20                         000D78  000288  001000      1AF0       0  CODE        2
                text26                         001666  000007  00166D      2CCC       0  CODE        2
                text12                         00166D  000009  001676      2CDA       0  CODE        2
                text11                         001676  000009  00167F      2CEC       0  CODE        2
                text14                         00167F  00000D  00168C      2CFE       0  CODE        2
                text13                         00168C  00000D  001699      2D18       0  CODE        2
                text10                         001699  000010  0016A9      2D32       0  CODE        2
                text1                          0016A9  000016  0016BF      2D52       0  CODE        2
                text8                          0016BF  000018  0016D7      2D7E       0  CODE        2
                text7                          0016D7  00001A  0016F1      2DAE       0  CODE        2
                text9                          0016F1  00001B  00170C      2DE2       0  CODE        2
                text4                          00170C  00001B  001727      2E18       0  CODE        2
                text2                          001727  00001F  001746      2E4E       0  CODE        2
                text19                         001746  000024  00176A      2E8C       0  CODE        2
                text17                         00176A  000027  001791      2ED4       0  CODE        2
                text22                         001791  000029  0017BA      2F22       0  CODE        2
                text3                          0017BA  000046  001800      2F74       0  CODE        2


UNUSED ADDRESS RANGES

        Name                Unused          Largest block    Delta
        BANK0            006A-006F              6           1
        BANK1            00BF-00EF             31           1
        BANK2            0110-016F             60           1
        BANK3            0190-01EF             60           1
        CODE             0003-0003              1           2
                         0853-0855              3
                         1000-1665            666
                         1800-1FFF            800
        COMMON           007C-007D              2           1
        CONST            0003-0003              1           2
                         0853-0855              3
                         1000-1665            100
                         1800-1FFF            100
        EEDATA           2100-21FF            100           2
        ENTRY            0003-0003              1           2
                         0853-0855              3
                         1000-1665            100
                         1800-1FFF            100
        IDLOC            2000-2003              4           2
        RAM              006A-006F              6           1
                         00BF-00EF             31
                         0110-016F             60
                         0190-01EF             60
        SFR0             0000-001F             20           1
        SFR1             0080-009F             20           1
        SFR2             0100-010F             10           1
        SFR3             0180-018F             10           1
        STACK            0110-016F             60           1
        STRCODE          0003-0003              1           2
                         0853-0855              3
                         1000-1665            666
                         1800-1FFF            800
        STRING           0003-0003              1           2
                         0853-0855              3
                         1000-1665            100
                         1800-1FFF            100

                                  Symbol Table

?__Umul8_16                 cstackCOMMON 0072
?___awdiv                   cstackCOMMON 0072
?___fladd                   cstackCOMMON 0072
?___fldiv                   cstackBANK0  0037
?___flmul                   cstackBANK0  003F
?___flsub                   cstackBANK0  0037
?___fltol                   cstackCOMMON 0072
?___wmul                    cstackBANK0  0025
?___xxtofl                  cstackBANK0  0029
ADC_convert@a               cstackBANK0  0059
ADC_convert@data            cstackBANK1  00B3
ADC_convert@digits          cstackBANK1  00BA
ADC_convert@i               cstackBANK1  00B8
ADC_convert@j               cstackBANK1  00B1
ADC_convert@mu              cstackBANK1  00BC
ADC_convert@place           cstackBANK0  005D
ADC_convert@temp            cstackBANK1  00AF
ADC_convert@x               cstackBANK1  00B4
I2C_Master_Write@data       cstackCOMMON 0072
IO_Expander_Write@Data      cstackCOMMON 0073
LCD_CMD@CMD                 cstackCOMMON 0077
LCD_Init@I2C_Add            cstackBANK0  0020
LCD_Set_Cursor@COL          cstackCOMMON 0078
LCD_Set_Cursor@ROW          cstackCOMMON 0079
LCD_Write_4Bit@Nibble       cstackCOMMON 0075
LCD_Write_Char@Data         cstackCOMMON 0077
LCD_Write_String@Str        cstackCOMMON 0078
LCD_Write_String@i          cstackBANK0  0023
_ACKDT                      (abs)        048D
_ACKEN                      (abs)        048C
_ACKSTAT                    (abs)        048E
_ADC_convert                text15       002E
_ANSEL                      (abs)        0188
_ANSELH                     (abs)        0189
_BackLight_State            dataCOMMON   007B
_I2C_Master_Init            text14       167F
_I2C_Master_Start           text12       166D
_I2C_Master_Stop            text11       1676
_I2C_Master_Wait            text13       168C
_I2C_Master_Write           text10       1699
_IO_Expander_Write          text9        16F1
_LCD_CMD                    text7        16D7
_LCD_Init                   text6        08F7
_LCD_Set_Cursor             text5        0856
_LCD_Write_4Bit             text8        16BF
_LCD_Write_Char             text4        170C
_LCD_Write_String           text3        17BA
_OSCCONbits                 (abs)        008F
_PEN                        (abs)        048A
_PORTA                      (abs)        0005
_PORTB                      (abs)        0006
_PORTC                      (abs)        0007
_PORTD                      (abs)        0008
_PORTE                      (abs)        0009
_RA0                        (abs)        0028
_RB7                        (abs)        0037
_RCEN                       (abs)        048B
_RS                         bssCOMMON    007A
_RSEN                       (abs)        0489
_SEN                        (abs)        0488
_SSPADD                     (abs)        0093
_SSPBUF                     (abs)        0013
_SSPCON                     (abs)        0014
_SSPCON2                    (abs)        0091
_SSPIF                      (abs)        0063
_SSPSTAT                    (abs)        0094
_TRISA0                     (abs)        0428
_TRISB0                     (abs)        0430
_TRISBbits                  (abs)        0086
_TRISC3                     (abs)        043B
_TRISC4                     (abs)        043C
_TRISD                      (abs)        0088
__Habs1                     abs1         0000
__Hbank0                    bank0        0000
__Hbank1                    bank1        0000
__Hbank2                    bank2        0000
__Hbank3                    bank3        0000
__HbssBANK0                 bssBANK0     0000
__HbssBANK1                 bssBANK1     0000
__HbssCOMMON                bssCOMMON    0000
__Hcinit                    cinit        002E
__Hclrtext                  clrtext      0000
__Hcode                     code         0000
__Hcommon                   common       0000
__Hconfig                   config       2009
__HcstackBANK0              cstackBANK0  0000
__HcstackBANK1              cstackBANK1  0000
__HcstackCOMMON             cstackCOMMON 0000
__HdataCOMMON               dataCOMMON   0000
__Heeprom_data              eeprom_data  0000
__Hend_init                 end_init     000F
__Hfunctab                  functab      0000
__HidataCOMMON              idataCOMMON  0000
__Hinit                     init         000C
__Hintentry                 intentry     000C
__Hmaintext                 maintext     0000
__HnvBANK1                  nvBANK1      0000
__Hpowerup                  powerup      0000
__Hram                      ram          0000
__Hreset_vec                reset_vec    0003
__Hsfr0                     sfr0         0000
__Hsfr1                     sfr1         0000
__Hsfr2                     sfr2         0000
__Hsfr3                     sfr3         0000
__Hspace_0                  (abs)        1800
__Hspace_1                  (abs)        00BF
__Hspace_2                  (abs)        0000
__Hspace_3                  (abs)        0000
__Hspace_4                  (abs)        4010
__Hstack                    stack        0000
__Hstrings                  strings      0000
__Htext                     text         0000
__Labs1                     abs1         0000
__Lbank0                    bank0        0000
__Lbank1                    bank1        0000
__Lbank2                    bank2        0000
__Lbank3                    bank3        0000
__LbssBANK0                 bssBANK0     0000
__LbssBANK1                 bssBANK1     0000
__LbssCOMMON                bssCOMMON    0000
__Lcinit                    cinit        000F
__Lclrtext                  clrtext      0000
__Lcode                     code         0000
__Lcommon                   common       0000
__Lconfig                   config       0000
__LcstackBANK0              cstackBANK0  0000
__LcstackBANK1              cstackBANK1  0000
__LcstackCOMMON             cstackCOMMON 0000
__LdataCOMMON               dataCOMMON   0000
__Leeprom_data              eeprom_data  0000
__Lend_init                 end_init     000C
__Lfunctab                  functab      0000
__LidataCOMMON              idataCOMMON  0000
__Linit                     init         000C
__Lintentry                 intentry     0004
__Lmaintext                 maintext     0000
__LnvBANK1                  nvBANK1      0000
__Lpowerup                  powerup      0000
__Lram                      ram          0000
__Lreset_vec                reset_vec    0000
__Lsfr0                     sfr0         0000
__Lsfr1                     sfr1         0000
__Lsfr2                     sfr2         0000
__Lsfr3                     sfr3         0000
__Lspace_0                  (abs)        0000
__Lspace_1                  (abs)        0000
__Lspace_2                  (abs)        0000
__Lspace_3                  (abs)        0000
__Lspace_4                  (abs)        0000
__Lstack                    stack        0000
__Lstrings                  strings      0000
__Ltext                     text         0000
__S0                        (abs)        1800
__S1                        (abs)        00BF
__S2                        (abs)        0000
__S3                        (abs)        0000
__Umul8_16                  text22       1791
__Umul8_16@multiplicand     cstackCOMMON 0072
__Umul8_16@multiplier       cstackBANK0  0024
__Umul8_16@product          cstackBANK0  0020
__Umul8_16@word_mpld        cstackBANK0  0022
___awdiv                    text25       088E
___awdiv@counter            cstackBANK0  0020
___awdiv@dividend           cstackCOMMON 0074
___awdiv@divisor            cstackCOMMON 0072
___awdiv@quotient           cstackBANK0  0022
___awdiv@sign               cstackBANK0  0021
___fladd                    text20       0D78
___fladd@a                  cstackCOMMON 0076
___fladd@aexp               cstackBANK0  0029
___fladd@b                  cstackCOMMON 0072
___fladd@bexp               cstackBANK0  002A
___fladd@grs                cstackBANK0  002B
___fladd@signs              cstackBANK0  0028
___fldiv                    text24       0B9B
___fldiv@a                  cstackBANK0  0037
___fldiv@aexp               cstackBANK0  0050
___fldiv@b                  cstackBANK0  003B
___fldiv@bexp               cstackBANK0  004F
___fldiv@grs                cstackBANK0  004B
___fldiv@new_exp            cstackBANK0  0049
___fldiv@rem                cstackBANK0  0044
___fldiv@sign               cstackBANK0  0048
___flge                     text23       0987
___flge@ff1                 cstackCOMMON 0072
___flge@ff2                 cstackCOMMON 0076
___flmul                    text21       0422
___flmul@a                  cstackBANK0  0043
___flmul@aexp               cstackBANK0  004D
___flmul@b                  cstackBANK0  003F
___flmul@bexp               cstackBANK0  0052
___flmul@grs                cstackBANK0  004E
___flmul@prod               cstackBANK0  0053
___flmul@sign               cstackBANK0  004C
___flmul@temp               cstackBANK0  0057
___flsub                    text19       1746
___flsub@a                  cstackBANK0  0037
___flsub@b                  cstackBANK0  003B
___fltol                    text18       0783
___fltol@exp1               cstackCOMMON 0077
___fltol@f1                 cstackCOMMON 0072
___fltol@sign1              cstackCOMMON 0076
___int_sp                   stack        0000
___latbits                  (abs)        0002
___sp                       stack        0000
___stackhi                  (abs)        0000
___stacklo                  (abs)        0000
___wmul                     text17       176A
___wmul@multiplicand        cstackBANK0  0027
___wmul@multiplier          cstackBANK0  0025
___wmul@product             cstackCOMMON 0078
___xxtofl                   text16       0ADF
___xxtofl@arg               cstackBANK0  0033
___xxtofl@exp               cstackBANK0  0032
___xxtofl@sign              cstackBANK0  0031
___xxtofl@val               cstackBANK0  0029
__end_of_ADC_convert        text15       0422
__end_of_I2C_Master_Init    text14       168C
__end_of_I2C_Master_Start   text12       1676
__end_of_I2C_Master_Stop    text11       167F
__end_of_I2C_Master_Wait    text13       1699
__end_of_I2C_Master_Write   text10       16A9
__end_of_IO_Expander_Write  text9        170C
__end_of_LCD_CMD            text7        16F1
__end_of_LCD_Init           text6        0987
__end_of_LCD_Set_Cursor     text5        088E
__end_of_LCD_Write_4Bit     text8        16D7
__end_of_LCD_Write_Char     text4        1727
__end_of_LCD_Write_String   text3        1800
__end_of__Umul8_16          text22       17BA
__end_of___awdiv            text25       08F7
__end_of___fladd            text20       1000
__end_of___fldiv            text24       0D78
__end_of___flge             text23       0A2B
__end_of___flmul            text21       0783
__end_of___flsub            text19       176A
__end_of___fltol            text18       07FF
__end_of___wmul             text17       1791
__end_of___xxtofl           text16       0B9B
__end_of__initialization    cinit        002A
__end_of__stringtab         strings      0810
__end_of_infrared           text2        1746
__end_of_isr                text26       166D
__end_of_main               maintext     0ADF
__end_of_setup              text1        16BF
__initialization            cinit        000F
__pbssBANK0                 bssBANK0     0069
__pbssBANK1                 bssBANK1     00A0
__pbssCOMMON                bssCOMMON    007A
__pcstackBANK0              cstackBANK0  0020
__pcstackBANK1              cstackBANK1  00AF
__pcstackCOMMON             cstackCOMMON 0070
__pdataCOMMON               dataCOMMON   007B
__pidataCOMMON              idataCOMMON  07FF
__pintentry                 intentry     0004
__pmaintext                 maintext     0A2B
__pnvBANK1                  nvBANK1      00BE
__pstrings                  strings      0800
__ptext1                    text1        16A9
__ptext10                   text10       1699
__ptext11                   text11       1676
__ptext12                   text12       166D
__ptext13                   text13       168C
__ptext14                   text14       167F
__ptext15                   text15       002E
__ptext16                   text16       0ADF
__ptext17                   text17       176A
__ptext18                   text18       0783
__ptext19                   text19       1746
__ptext2                    text2        1727
__ptext20                   text20       0D78
__ptext21                   text21       0422
__ptext22                   text22       1791
__ptext23                   text23       0987
__ptext24                   text24       0B9B
__ptext25                   text25       088E
__ptext26                   text26       1666
__ptext3                    text3        17BA
__ptext4                    text4        170C
__ptext5                    text5        0856
__ptext6                    text6        08F7
__ptext7                    text7        16D7
__ptext8                    text8        16BF
__ptext9                    text9        16F1
__size_of_ADC_convert       (abs)        0000
__size_of_I2C_Master_Init   (abs)        0000
__size_of_I2C_Master_Start  (abs)        0000
__size_of_I2C_Master_Stop   (abs)        0000
__size_of_I2C_Master_Wait   (abs)        0000
__size_of_I2C_Master_Write  (abs)        0000
__size_of_IO_Expander_Write (abs)        0000
__size_of_LCD_CMD           (abs)        0000
__size_of_LCD_Init          (abs)        0000
__size_of_LCD_Set_Cursor    (abs)        0000
__size_of_LCD_Write_4Bit    (abs)        0000
__size_of_LCD_Write_Char    (abs)        0000
__size_of_LCD_Write_String  (abs)        0000
__size_of__Umul8_16         (abs)        0000
__size_of___awdiv           (abs)        0000
__size_of___fladd           (abs)        0000
__size_of___fldiv           (abs)        0000
__size_of___flge            (abs)        0000
__size_of___flmul           (abs)        0000
__size_of___flsub           (abs)        0000
__size_of___fltol           (abs)        0000
__size_of___wmul            (abs)        0000
__size_of___xxtofl          (abs)        0000
__size_of_infrared          (abs)        0000
__size_of_isr               (abs)        0000
__size_of_main              (abs)        0000
__size_of_setup             (abs)        0000
__stringbase                strings      080F
__stringtab                 strings      0800
_converted02                bssBANK1     00A5
_counter                    bssBANK1     00A4
_i2c_add                    nvBANK1      00BE
_infrared                   text2        1727
_isr                        text26       1666
_main                       maintext     0A2B
_main$878                   cstackBANK0  0065
_setup                      text1        16A9
btemp                       (abs)        007E
end_of_initialization       cinit        002A
interrupt_function          intentry     0004
intlevel0                   functab      0000
intlevel1                   functab      0000
intlevel2                   functab      0000
intlevel3                   functab      0000
intlevel4                   functab      0000
intlevel5                   functab      0000
reset_vec                   reset_vec    0000
saved_w                     (abs)        007E
start                       init         000C
start_initialization        cinit        000F
wtemp0                      (abs)        007E


MODULE INFORMATION

Module		Function		Class		Link	Load	Size
D:\Program File\MicroChip\xc8\v2.32\pic\sources\c90\common\Umul16.c
		___wmul        		CODE           	176A	0000	39

D:\Program File\MicroChip\xc8\v2.32\pic\sources\c90\common\Umul16.c estimated size: 39

D:\Program File\MicroChip\xc8\v2.32\pic\sources\c90\common\flge.c
		___flge        		CODE           	0987	0000	164

D:\Program File\MicroChip\xc8\v2.32\pic\sources\c90\common\flge.c estimated size: 164

D:\Program File\MicroChip\xc8\v2.32\pic\sources\c90\common\sprcadd.c
		___flsub       		CODE           	1746	0000	36
		___fladd       		CODE           	0D78	0000	648

D:\Program File\MicroChip\xc8\v2.32\pic\sources\c90\common\sprcadd.c estimated size: 684

D:\Program File\MicroChip\xc8\v2.32\pic\sources\c90\common\fltol.c
		___fltol       		CODE           	0783	0000	124

D:\Program File\MicroChip\xc8\v2.32\pic\sources\c90\common\fltol.c estimated size: 124

D:\Program File\MicroChip\xc8\v2.32\pic\sources\c90\common\Umul8_16.c
		__Umul8_16     		CODE           	1791	0000	41

D:\Program File\MicroChip\xc8\v2.32\pic\sources\c90\common\Umul8_16.c estimated size: 41

Main.c
		_infrared      		CODE           	1727	0000	31
		_ADC_convert   		CODE           	002E	0000	1012
		_main          		CODE           	0A2B	0000	180
		_isr           		CODE           	1666	0000	7
		_setup         		CODE           	16A9	0000	22

Main.c estimated size: 1252

shared
		__stringtab    		STRING         	0800	0000	16
		__initialization		CODE           	000F	0000	27

shared estimated size: 43

I2C_LCD.c
		_LCD_Init      		CODE           	08F7	0000	144
		_LCD_Write_4Bit		CODE           	16BF	0000	24
		_LCD_Write_Char		CODE           	170C	0000	27
		_LCD_CMD       		CODE           	16D7	0000	26
		_I2C_Master_Wait		CODE           	168C	0000	13
		_I2C_Master_Init		CODE           	167F	0000	13
		_I2C_Master_Stop		CODE           	1676	0000	9
		_LCD_Set_Cursor		CODE           	0856	0000	56
		_IO_Expander_Write		CODE           	16F1	0000	27
		_I2C_Master_Write		CODE           	1699	0000	16
		_I2C_Master_Start		CODE           	166D	0000	9
		_LCD_Write_String		CODE           	17BA	0000	70

I2C_LCD.c estimated size: 434

D:\Program File\MicroChip\xc8\v2.32\pic\sources\c90\common\awdiv.c
		___awdiv       		CODE           	088E	0000	105

D:\Program File\MicroChip\xc8\v2.32\pic\sources\c90\common\awdiv.c estimated size: 105

D:\Program File\MicroChip\xc8\v2.32\pic\sources\c90\common\xxtofl.c
		___xxtofl      		CODE           	0ADF	0000	188

D:\Program File\MicroChip\xc8\v2.32\pic\sources\c90\common\xxtofl.c estimated size: 188

D:\Program File\MicroChip\xc8\v2.32\pic\sources\c90\common\sprcmul.c
		___flmul       		CODE           	0422	0000	865

D:\Program File\MicroChip\xc8\v2.32\pic\sources\c90\common\sprcmul.c estimated size: 865

D:\Program File\MicroChip\xc8\v2.32\pic\sources\c90\common\sprcdiv.c
		___fldiv       		CODE           	0B9B	0000	477

D:\Program File\MicroChip\xc8\v2.32\pic\sources\c90\common\sprcdiv.c estimated size: 477

