Microchip MPLAB XC8 Compiler V2.32

Linker command line:

-W-3 --edf=D:\Program File\MicroChip\xc8\v2.32\pic\dat\en_msgs.txt -cn \
  -h+dist/default/production\Master.X.production.sym \
  --cmf=dist/default/production\Master.X.production.cmf -z -Q16F887 \
  -oC:\Users\marco\AppData\Local\Temp\xcAsguk.4 --defsym=__MPLAB_BUILD=1 \
  -Mdist/default/production/Master.X.production.map -E1 -ver=XC8 Compiler \
  --acfsm=1493 -ASTACK=0110h-016Fh -pstack=STACK -ACODE=00h-07FFhx4 \
  -ASTRCODE=00h-01FFFh -ASTRING=00h-0FFhx32 -ACONST=00h-0FFhx32 \
  -AENTRY=00h-0FFhx32 -ACOMMON=070h-07Fh -ABANK0=020h-06Fh \
  -ABANK1=0A0h-0EFh -ABANK2=0110h-016Fh -ABANK3=0190h-01EFh \
  -ARAM=020h-06Fh,0A0h-0EFh,0110h-016Fh,0190h-01EFh \
  -AABS1=020h-07Fh,0A0h-0EFh,0110h-016Fh,0190h-01EFh -ASFR0=00h-01Fh \
  -ASFR1=080h-09Fh -ASFR2=0100h-010Fh -ASFR3=0180h-018Fh \
  -ACONFIG=02007h-02008h -DCONFIG=2 -AIDLOC=02000h-02003h -DIDLOC=2 \
  -AEEDATA=00h-0FFh/02100h -peeprom_data=EEDATA -DEEDATA=2 -DCODE=2 \
  -DSTRCODE=2 -DSTRING=2 -DCONST=2 -DENTRY=2 \
  -preset_vec=00h,intentry=04h,init,end_init -ppowerup=CODE -pcinit=CODE \
  -pfunctab=ENTRY -k C:\Users\marco\AppData\Local\Temp\xcAsguk.o \
  dist/default/production\Master.X.production.o 

Object code version is 3.11

Machine type is 16F887



                Name                               Link     Load   Length Selector   Space Scale
C:\Users\marco\AppData\Local\Temp\xcAsguk.o
                end_init                              C        C        3        8       0
                reset_vec                             0        0        3        0       0
                config                             2007     2007        2        0       4
dist/default/production\Master.X.production.o
                cinit                                 F        F       28        8       0
                intentry                              4        4        8        8       0
                config                             2007     2007        2        0       4
                text32                             1455     1455       3B     28AA       0
                text31                             12CE     12CE        D     259C       0
                text30                             12BC     12BC        9     2578       0
                text29                             12C5     12C5        9     258A       0
                text28                             12E8     12E8       10     25D0       0
                text27                             12F8     12F8       17     25F0       0
                text26                             166D     166D       7C     2CDA       0
                text25                             152A     152A       69     2A54       0
                text24                              B9B      B9B      1DD     1736       0
                text23                              862      862       A4     10C4       0
                text22                             13F4     13F4       29     27E8       0
                text21                              479      479      361        8       0
                text20                              D78      D78      288     1AF0       0
                text19                              7DA      7DA       24        8       0
                text18                             16E9     16E9       7C     2DD2       0
                text17                             13CD     13CD       27     279A       0
                text16                              906      906       BC     120C       0
                text15                               37       37      442        8       0
                text14                             1326     1326       1D     264C       0
                text13                             1387     1387       23     270E       0
                text12                             1343     1343       22     2686       0
                text11                             141D     141D       38     283A       0
                text10                             13AA     13AA       23     2754       0
                text9                              1490     1490       46     2920       0
                text8                              130F     130F       17     261E       0
                text7                               807      807       5B     100E       0
                text6                              1593     1593       6B     2B26       0
                text5                               9C2      9C2      1D9     1384       0
                text4                              12DB     12DB        D     25B6       0
                text3                              1765     1765       9B     2ECA       0
                text2                              15FE     15FE       6F     2BFC       0
                text1                              14D6     14D6       54     29AC       0
                maintext                           1365     1365       22     26CA       0
                cstackBANK0                          20       20       4C       20       1
                cstackCOMMON                         70       70        6       70       1
                cstackBANK1                          D5       D5       13       A0       1
                clrtext                            12B4     12B4        8     2568       0
                bssBANK3                            190      190       28      190       1
                dataBANK1                            E8       E8        1       A0       1
                bssBANK1                             A0       A0       35       A0       1
                bssBANK0                             6C       6C        4       20       1
                bssCOMMON                            76       76        4       70       1
                strings                            1000     1000       34     2000       0
                idataBANK1                          7FE      7FE        1        8       0

TOTAL           Name                               Link     Load   Length     Space
        CLASS   STACK          

        CLASS   CODE           
                end_init                              C        C        3         0
                cinit                                 F        F       28         0
                intentry                              4        4        8         0
                reset_vec                             0        0        3         0
                text32                             1455     1455       3B         0
                text31                             12CE     12CE        D         0
                text30                             12BC     12BC        9         0
                text29                             12C5     12C5        9         0
                text28                             12E8     12E8       10         0
                text27                             12F8     12F8       17         0
                text26                             166D     166D       7C         0
                text25                             152A     152A       69         0
                text24                              B9B      B9B      1DD         0
                text23                              862      862       A4         0
                text22                             13F4     13F4       29         0
                text21                              479      479      361         0
                text20                              D78      D78      288         0
                text19                              7DA      7DA       24         0
                text18                             16E9     16E9       7C         0
                text17                             13CD     13CD       27         0
                text16                              906      906       BC         0
                text15                               37       37      442         0
                text14                             1326     1326       1D         0
                text13                             1387     1387       23         0
                text12                             1343     1343       22         0
                text11                             141D     141D       38         0
                text10                             13AA     13AA       23         0
                text9                              1490     1490       46         0
                text8                              130F     130F       17         0
                text7                               807      807       5B         0
                text6                              1593     1593       6B         0
                text5                               9C2      9C2      1D9         0
                text4                              12DB     12DB        D         0
                text3                              1765     1765       9B         0
                text2                              15FE     15FE       6F         0
                text1                              14D6     14D6       54         0
                maintext                           1365     1365       22         0
                clrtext                            12B4     12B4        8         0
                idataBANK1                          7FE      7FE        1         0

        CLASS   STRCODE        

        CLASS   STRING         
                strings                            1000     1000       34         0

        CLASS   CONST          

        CLASS   ENTRY          

        CLASS   COMMON         
                cstackCOMMON                         70       70        6         1
                bssCOMMON                            76       76        4         1

        CLASS   BANK0          
                cstackBANK0                          20       20       4C         1
                bssBANK0                             6C       6C        4         1

        CLASS   BANK1          
                cstackBANK1                          D5       D5       13         1
                dataBANK1                            E8       E8        1         1
                bssBANK1                             A0       A0       35         1

        CLASS   BANK2          

        CLASS   BANK3          
                bssBANK3                            190      190       28         1

        CLASS   RAM            

        CLASS   ABS1           
                abs_s1                               7E       7E        2         1

        CLASS   SFR0           

        CLASS   SFR1           

        CLASS   SFR2           

        CLASS   SFR3           

        CLASS   CONFIG         
                config                             2007     2007        2         4

        CLASS   IDLOC          

        CLASS   EEDATA         



SEGMENTS        Name                           Load    Length   Top    Selector   Space  Class     Delta

                reset_vec                      000000  000003  000003         0       0  CODE        2
                intentry                       000004  0007FB  0007FF         8       0  CODE        2
                cstackBANK0                    000020  000050  000070        20       1  BANK0       1
                cstackCOMMON                   000070  00000A  00007A        70       1  COMMON      1
                bssBANK1                       0000A0  000049  0000E9        A0       1  BANK1       1
                bssBANK3                       000190  000028  0001B8       190       1  BANK3       1
                text7                          000807  00005B  000862      100E       0  CODE        2
                text23                         000862  0000A4  000906      10C4       0  CODE        2
                text16                         000906  0000BC  0009C2      120C       0  CODE        2
                text5                          0009C2  0001D9  000B9B      1384       0  CODE        2
                text24                         000B9B  0001DD  000D78      1736       0  CODE        2
                text20                         000D78  000288  001000      1AF0       0  CODE        2
                strings                        001000  000034  001034      2000       0  STRING      2
                clrtext                        0012B4  000008  0012BC      2568       0  CODE        2
                text30                         0012BC  000009  0012C5      2578       0  CODE        2
                text29                         0012C5  000009  0012CE      258A       0  CODE        2
                text31                         0012CE  00000D  0012DB      259C       0  CODE        2
                text4                          0012DB  00000D  0012E8      25B6       0  CODE        2
                text28                         0012E8  000010  0012F8      25D0       0  CODE        2
                text27                         0012F8  000017  00130F      25F0       0  CODE        2
                text8                          00130F  000017  001326      261E       0  CODE        2
                text14                         001326  00001D  001343      264C       0  CODE        2
                text12                         001343  000022  001365      2686       0  CODE        2
                maintext                       001365  000022  001387      26CA       0  CODE        2
                text13                         001387  000023  0013AA      270E       0  CODE        2
                text10                         0013AA  000023  0013CD      2754       0  CODE        2
                text17                         0013CD  000027  0013F4      279A       0  CODE        2
                text22                         0013F4  000029  00141D      27E8       0  CODE        2
                text11                         00141D  000038  001455      283A       0  CODE        2
                text32                         001455  00003B  001490      28AA       0  CODE        2
                text9                          001490  000046  0014D6      2920       0  CODE        2
                text1                          0014D6  000054  00152A      29AC       0  CODE        2
                text25                         00152A  000069  001593      2A54       0  CODE        2
                text6                          001593  00006B  0015FE      2B26       0  CODE        2
                text2                          0015FE  00006F  00166D      2BFC       0  CODE        2
                text26                         00166D  00007C  0016E9      2CDA       0  CODE        2
                text18                         0016E9  00007C  001765      2DD2       0  CODE        2
                text3                          001765  00009B  001800      2ECA       0  CODE        2


UNUSED ADDRESS RANGES

        Name                Unused          Largest block    Delta
        BANK1            00E9-00EF              7           1
        BANK2            0110-016F             60           1
        BANK3            01B8-01EF             38           1
        CODE             0003-0003              1           2
                         07FF-0806              1
                         1034-12B3            280
                         1800-1FFF            800
        COMMON           007A-007D              4           1
        CONST            0003-0003              1           2
                         07FF-0806              1
                         1034-12B3            100
                         1800-1FFF            100
        EEDATA           2100-21FF            100           2
        ENTRY            0003-0003              1           2
                         07FF-0806              1
                         1034-12B3            100
                         1800-1FFF            100
        IDLOC            2000-2003              4           2
        RAM              00E9-00EF              7           1
                         0110-016F             60
                         01B8-01EF             38
        SFR0             0000-001F             20           1
        SFR1             0080-009F             20           1
        SFR2             0100-010F             10           1
        SFR3             0180-018F             10           1
        STACK            0110-016F             60           1
        STRCODE          0003-0003              1           2
                         07FF-0806              8
                         1034-12B3            280
                         1800-1FFF            800
        STRING           0003-0003              1           2
                         07FF-0806              1
                         1034-12B3            100
                         1800-1FFF            100

                                  Symbol Table

?__Umul8_16                 cstackCOMMON 0074
?___awdiv                   cstackBANK0  0020
?___awmod                   cstackBANK0  0020
?___fladd                   cstackBANK0  0020
?___fldiv                   cstackBANK0  003D
?___flmul                   cstackBANK0  0045
?___flsub                   cstackBANK0  003D
?___fltol                   cstackBANK0  0020
?___wmul                    cstackBANK0  0029
?___xxtofl                  cstackBANK0  002F
ADC_convert@a               cstackBANK0  005F
ADC_convert@data            cstackBANK1  00D9
ADC_convert@digits          cstackBANK1  00E0
ADC_convert@i               cstackBANK1  00DE
ADC_convert@j               cstackBANK1  00D7
ADC_convert@mu              cstackBANK1  00E2
ADC_convert@place           cstackBANK0  0063
ADC_convert@temp            cstackBANK1  00D5
ADC_convert@x               cstackBANK1  00DA
I2C_Master_Write@data       cstackCOMMON 0074
IO_Expander_Write@Data      cstackCOMMON 0075
LCD_CMD@CMD                 cstackBANK0  0023
LCD_Init@I2C_Add            cstackBANK0  0026
LCD_Set_Cursor@COL          cstackBANK0  0024
LCD_Set_Cursor@ROW          cstackBANK0  0027
LCD_Write_4Bit@Nibble       cstackBANK0  0021
LCD_Write_Char@Data         cstackBANK0  0023
LCD_Write_String@Str        cstackBANK0  0024
LCD_Write_String@i          cstackBANK0  0029
_ACKDT                      (abs)        048D
_ACKEN                      (abs)        048C
_ACKSTAT                    (abs)        048E
_ADCON0bits                 (abs)        001F
_ADCON1bits                 (abs)        009F
_ADC_convert                text15       0037
_ADIF                       (abs)        0066
_ADRESH                     (abs)        001E
_ADRESL                     (abs)        009E
_ANSEL                      (abs)        0188
_ANSELH                     (abs)        0189
_BackLight_State            dataBANK1    00E8
_CCP1CONbits                (abs)        0017
_CCP2CONbits                (abs)        001D
_CCPR1L                     (abs)        0015
_CCPR2L                     (abs)        001B
_GIE                        (abs)        005F
_I2C_Comunication           text26       166D
_I2C_Master_Init            text4        12DB
_I2C_Master_Start           text30       12BC
_I2C_Master_Stop            text29       12C5
_I2C_Master_Wait            text31       12CE
_I2C_Master_Write           text28       12E8
_I2C_Read_Byte              text27       12F8
_IO_Expander_Write          text14       1326
_LCD_CMD                    text12       1343
_LCD_Init                   text3        1765
_LCD_Send                   text5        09C2
_LCD_Send$1338              cstackBANK1  00E4
_LCD_Set_Cursor             text11       141D
_LCD_Start                  text2        15FE
_LCD_Write_4Bit             text13       1387
_LCD_Write_Char             text10       13AA
_LCD_Write_String           text9        1490
_OSCCONbits                 (abs)        008F
_PEIE                       (abs)        005E
_PEN                        (abs)        048A
_PIE1bits                   (abs)        008C
_PIR1bits                   (abs)        000C
_PORTA                      (abs)        0005
_PORTB                      (abs)        0006
_PORTC                      (abs)        0007
_PORTD                      (abs)        0008
_PORTE                      (abs)        0009
_PR2                        (abs)        0092
_RA0                        (abs)        0028
_RB7                        (abs)        0037
_RCEN                       (abs)        048B
_RCREG                      (abs)        001A
_RS                         bssBANK1     00AF
_RSEN                       (abs)        0489
_SEN                        (abs)        0488
_SSPADD                     (abs)        0093
_SSPBUF                     (abs)        0013
_SSPCON                     (abs)        0014
_SSPCON2                    (abs)        0091
_SSPCON2bits                (abs)        0091
_SSPIE                      (abs)        0463
_SSPIF                      (abs)        0063
_SSPSTAT                    (abs)        0094
_T2CONbits                  (abs)        0012
_TRISA0                     (abs)        0428
_TRISB0                     (abs)        0430
_TRISBbits                  (abs)        0086
_TRISC3                     (abs)        043B
_TRISC4                     (abs)        043C
_TRISCbits                  (abs)        0087
_TRISD                      (abs)        0088
_TXIF                       (abs)        0064
_TXREG                      (abs)        0019
__Habs1                     abs1         0000
__Hbank0                    bank0        0000
__Hbank1                    bank1        0000
__Hbank2                    bank2        0000
__Hbank3                    bank3        0000
__HbssBANK0                 bssBANK0     0000
__HbssBANK1                 bssBANK1     0000
__HbssBANK3                 bssBANK3     0000
__HbssCOMMON                bssCOMMON    0000
__Hcinit                    cinit        0037
__Hclrtext                  clrtext      0000
__Hcode                     code         0000
__Hcommon                   common       0000
__Hconfig                   config       2009
__HcstackBANK0              cstackBANK0  0000
__HcstackBANK1              cstackBANK1  0000
__HcstackCOMMON             cstackCOMMON 0000
__HdataBANK1                dataBANK1    0000
__Heeprom_data              eeprom_data  0000
__Hend_init                 end_init     000F
__Hfunctab                  functab      0000
__HidataBANK1               idataBANK1   0000
__Hinit                     init         000C
__Hintentry                 intentry     000C
__Hmaintext                 maintext     0000
__Hpowerup                  powerup      0000
__Hram                      ram          0000
__Hreset_vec                reset_vec    0003
__Hsfr0                     sfr0         0000
__Hsfr1                     sfr1         0000
__Hsfr2                     sfr2         0000
__Hsfr3                     sfr3         0000
__Hspace_0                  (abs)        1800
__Hspace_1                  (abs)        01B8
__Hspace_2                  (abs)        0000
__Hspace_3                  (abs)        0000
__Hspace_4                  (abs)        4010
__Hstack                    stack        0000
__Hstrings                  strings      0000
__Htext                     text         0000
__Labs1                     abs1         0000
__Lbank0                    bank0        0000
__Lbank1                    bank1        0000
__Lbank2                    bank2        0000
__Lbank3                    bank3        0000
__LbssBANK0                 bssBANK0     0000
__LbssBANK1                 bssBANK1     0000
__LbssBANK3                 bssBANK3     0000
__LbssCOMMON                bssCOMMON    0000
__Lcinit                    cinit        000F
__Lclrtext                  clrtext      0000
__Lcode                     code         0000
__Lcommon                   common       0000
__Lconfig                   config       0000
__LcstackBANK0              cstackBANK0  0000
__LcstackBANK1              cstackBANK1  0000
__LcstackCOMMON             cstackCOMMON 0000
__LdataBANK1                dataBANK1    0000
__Leeprom_data              eeprom_data  0000
__Lend_init                 end_init     000C
__Lfunctab                  functab      0000
__LidataBANK1               idataBANK1   0000
__Linit                     init         000C
__Lintentry                 intentry     0004
__Lmaintext                 maintext     0000
__Lpowerup                  powerup      0000
__Lram                      ram          0000
__Lreset_vec                reset_vec    0000
__Lsfr0                     sfr0         0000
__Lsfr1                     sfr1         0000
__Lsfr2                     sfr2         0000
__Lsfr3                     sfr3         0000
__Lspace_0                  (abs)        0000
__Lspace_1                  (abs)        0000
__Lspace_2                  (abs)        0000
__Lspace_3                  (abs)        0000
__Lspace_4                  (abs)        0000
__Lstack                    stack        0000
__Lstrings                  strings      0000
__Ltext                     text         0000
__S0                        (abs)        1800
__S1                        (abs)        01B8
__S2                        (abs)        0000
__S3                        (abs)        0000
__Umul8_16                  text22       13F4
__Umul8_16@multiplicand     cstackCOMMON 0074
__Umul8_16@multiplier       cstackBANK0  0026
__Umul8_16@product          cstackBANK0  0022
__Umul8_16@word_mpld        cstackBANK0  0024
___awdiv                    text25       152A
___awdiv@counter            cstackBANK0  0024
___awdiv@dividend           cstackBANK0  0022
___awdiv@divisor            cstackBANK0  0020
___awdiv@quotient           cstackBANK0  0026
___awdiv@sign               cstackBANK0  0025
___awmod                    text7        0807
___awmod@counter            cstackBANK0  0024
___awmod@dividend           cstackBANK0  0022
___awmod@divisor            cstackBANK0  0020
___awmod@sign               cstackBANK0  0025
___bmul                     text8        130F
___bmul@multiplicand        cstackCOMMON 0074
___bmul@multiplier          cstackBANK0  0021
___bmul@product             cstackBANK0  0020
___fladd                    text20       0D78
___fladd@a                  cstackBANK0  0024
___fladd@aexp               cstackBANK0  0031
___fladd@b                  cstackBANK0  0020
___fladd@bexp               cstackBANK0  0032
___fladd@grs                cstackBANK0  0033
___fladd@signs              cstackBANK0  0030
___fldiv                    text24       0B9B
___fldiv@a                  cstackBANK0  003D
___fldiv@aexp               cstackBANK0  0056
___fldiv@b                  cstackBANK0  0041
___fldiv@bexp               cstackBANK0  0055
___fldiv@grs                cstackBANK0  0051
___fldiv@new_exp            cstackBANK0  004F
___fldiv@rem                cstackBANK0  004A
___fldiv@sign               cstackBANK0  004E
___flge                     text23       0862
___flge@ff1                 cstackBANK0  0020
___flge@ff2                 cstackBANK0  0024
___flmul                    text21       0479
___flmul@a                  cstackBANK0  0049
___flmul@aexp               cstackBANK0  0053
___flmul@b                  cstackBANK0  0045
___flmul@bexp               cstackBANK0  0058
___flmul@grs                cstackBANK0  0054
___flmul@prod               cstackBANK0  0059
___flmul@sign               cstackBANK0  0052
___flmul@temp               cstackBANK0  005D
___flsub                    text19       07DA
___flsub@a                  cstackBANK0  003D
___flsub@b                  cstackBANK0  0041
___fltol                    text18       16E9
___fltol@exp1               cstackCOMMON 0075
___fltol@f1                 cstackBANK0  0020
___fltol@sign1              cstackCOMMON 0074
___int_sp                   stack        0000
___latbits                  (abs)        0002
___sp                       stack        0000
___stackhi                  (abs)        0000
___stacklo                  (abs)        0000
___wmul                     text17       13CD
___wmul@multiplicand        cstackBANK0  002B
___wmul@multiplier          cstackBANK0  0029
___wmul@product             cstackBANK0  002D
___xxtofl                   text16       0906
___xxtofl@arg               cstackBANK0  0039
___xxtofl@exp               cstackBANK0  0038
___xxtofl@sign              cstackBANK0  0037
___xxtofl@val               cstackBANK0  002F
__end_of_ADC_convert        text15       0479
__end_of_I2C_Comunication   text26       16E9
__end_of_I2C_Master_Init    text4        12E8
__end_of_I2C_Master_Start   text30       12C5
__end_of_I2C_Master_Stop    text29       12CE
__end_of_I2C_Master_Wait    text31       12DB
__end_of_I2C_Master_Write   text28       12F8
__end_of_I2C_Read_Byte      text27       130F
__end_of_IO_Expander_Write  text14       1343
__end_of_LCD_CMD            text12       1365
__end_of_LCD_Init           text3        1800
__end_of_LCD_Send           text5        0B9B
__end_of_LCD_Set_Cursor     text11       1455
__end_of_LCD_Start          text2        166D
__end_of_LCD_Write_4Bit     text13       13AA
__end_of_LCD_Write_Char     text10       13CD
__end_of_LCD_Write_String   text9        14D6
__end_of__Umul8_16          text22       141D
__end_of___awdiv            text25       1593
__end_of___awmod            text7        0862
__end_of___bmul             text8        1326
__end_of___fladd            text20       1000
__end_of___fldiv            text24       0D78
__end_of___flge             text23       0906
__end_of___flmul            text21       07DA
__end_of___flsub            text19       07FE
__end_of___fltol            text18       1765
__end_of___wmul             text17       13F4
__end_of___xxtofl           text16       09C2
__end_of__initialization    cinit        0033
__end_of__stringtab         strings      1010
__end_of_division           text6        15FE
__end_of_isr                text32       1490
__end_of_main               maintext     1387
__end_of_setup              text1        152A
__initialization            cinit        000F
__pbssBANK0                 bssBANK0     006C
__pbssBANK1                 bssBANK1     00A0
__pbssBANK3                 bssBANK3     0190
__pbssCOMMON                bssCOMMON    0076
__pcstackBANK0              cstackBANK0  0020
__pcstackBANK1              cstackBANK1  00D5
__pcstackCOMMON             cstackCOMMON 0070
__pdataBANK1                dataBANK1    00E8
__pidataBANK1               idataBANK1   07FE
__pintentry                 intentry     0004
__pmaintext                 maintext     1365
__pstrings                  strings      1000
__ptext1                    text1        14D6
__ptext10                   text10       13AA
__ptext11                   text11       141D
__ptext12                   text12       1343
__ptext13                   text13       1387
__ptext14                   text14       1326
__ptext15                   text15       0037
__ptext16                   text16       0906
__ptext17                   text17       13CD
__ptext18                   text18       16E9
__ptext19                   text19       07DA
__ptext2                    text2        15FE
__ptext20                   text20       0D78
__ptext21                   text21       0479
__ptext22                   text22       13F4
__ptext23                   text23       0862
__ptext24                   text24       0B9B
__ptext25                   text25       152A
__ptext26                   text26       166D
__ptext27                   text27       12F8
__ptext28                   text28       12E8
__ptext29                   text29       12C5
__ptext3                    text3        1765
__ptext30                   text30       12BC
__ptext31                   text31       12CE
__ptext32                   text32       1455
__ptext4                    text4        12DB
__ptext5                    text5        09C2
__ptext6                    text6        1593
__ptext7                    text7        0807
__ptext8                    text8        130F
__ptext9                    text9        1490
__size_of_ADC_convert       (abs)        0000
__size_of_I2C_Comunication  (abs)        0000
__size_of_I2C_Master_Init   (abs)        0000
__size_of_I2C_Master_Start  (abs)        0000
__size_of_I2C_Master_Stop   (abs)        0000
__size_of_I2C_Master_Wait   (abs)        0000
__size_of_I2C_Master_Write  (abs)        0000
__size_of_I2C_Read_Byte     (abs)        0000
__size_of_IO_Expander_Write (abs)        0000
__size_of_LCD_CMD           (abs)        0000
__size_of_LCD_Init          (abs)        0000
__size_of_LCD_Send          (abs)        0000
__size_of_LCD_Set_Cursor    (abs)        0000
__size_of_LCD_Start         (abs)        0000
__size_of_LCD_Write_4Bit    (abs)        0000
__size_of_LCD_Write_Char    (abs)        0000
__size_of_LCD_Write_String  (abs)        0000
__size_of__Umul8_16         (abs)        0000
__size_of___awdiv           (abs)        0000
__size_of___awmod           (abs)        0000
__size_of___bmul            (abs)        0000
__size_of___fladd           (abs)        0000
__size_of___fldiv           (abs)        0000
__size_of___flge            (abs)        0000
__size_of___flmul           (abs)        0000
__size_of___flsub           (abs)        0000
__size_of___fltol           (abs)        0000
__size_of___wmul            (abs)        0000
__size_of___xxtofl          (abs)        0000
__size_of_division          (abs)        0000
__size_of_isr               (abs)        0000
__size_of_main              (abs)        0000
__size_of_setup             (abs)        0000
__stringbase                strings      100F
__stringtab                 strings      1000
_converted01                bssBANK1     00CB
_converted02                bssBANK1     00C1
_converted03                bssBANK1     00B7
_counter                    bssCOMMON    0077
_dec1                       bssBANK1     00B2
_dec2                       bssBANK1     00B1
_dec3                       bssBANK1     00B0
_division                   text6        1593
_hundreds                   bssBANK0     006E
_i2c_add                    bssBANK1     00AE
_isr                        text32       1455
_main                       maintext     1365
_residuo                    bssCOMMON    0076
_setup                      text1        14D6
_slave01                    bssBANK0     006F
_slave02                    bssCOMMON    0079
_slave03                    bssCOMMON    0078
_sum                        bssBANK1     00B3
_tens                       bssBANK0     006D
_units                      bssBANK0     006C
btemp                       (abs)        007E
clear_ram0                  clrtext      12B4
division@valor              cstackCOMMON 0075
end_of_initialization       cinit        0033
interrupt_function          intentry     0004
intlevel0                   functab      0000
intlevel1                   functab      0000
intlevel2                   functab      0000
intlevel3                   functab      0000
intlevel4                   functab      0000
intlevel5                   functab      0000
reset_vec                   reset_vec    0000
saved_w                     (abs)        007E
start                       init         000C
start_initialization        cinit        000F
wtemp0                      (abs)        007E


MODULE INFORMATION

Module		Function		Class		Link	Load	Size
D:\Program File\MicroChip\xc8\v2.32\pic\sources\c90\common\Umul16.c
		___wmul        		CODE           	13CD	0000	39

D:\Program File\MicroChip\xc8\v2.32\pic\sources\c90\common\Umul16.c estimated size: 39

D:\Program File\MicroChip\xc8\v2.32\pic\sources\c90\common\flge.c
		___flge        		CODE           	0862	0000	164

D:\Program File\MicroChip\xc8\v2.32\pic\sources\c90\common\flge.c estimated size: 164

D:\Program File\MicroChip\xc8\v2.32\pic\sources\c90\common\sprcadd.c
		___flsub       		CODE           	07DA	0000	36
		___fladd       		CODE           	0D78	0000	648

D:\Program File\MicroChip\xc8\v2.32\pic\sources\c90\common\sprcadd.c estimated size: 684

I2C_Master.c
		_LCD_Init      		CODE           	1765	0000	155
		_LCD_Write_4Bit		CODE           	1387	0000	35
		_LCD_Write_Char		CODE           	13AA	0000	35
		_LCD_CMD       		CODE           	1343	0000	34
		_I2C_Master_Wait		CODE           	12CE	0000	13
		_I2C_Master_Init		CODE           	12DB	0000	13
		_I2C_Master_Stop		CODE           	12C5	0000	9
		_LCD_Set_Cursor		CODE           	141D	0000	56
		_I2C_Read_Byte 		CODE           	12F8	0000	23
		_IO_Expander_Write		CODE           	1326	0000	29
		_I2C_Master_Write		CODE           	12E8	0000	16
		_I2C_Master_Start		CODE           	12BC	0000	9
		_LCD_Write_String		CODE           	1490	0000	70

I2C_Master.c estimated size: 497

Master_PIC.c
		_LCD_Send      		CODE           	09C2	0000	473
		_ADC_convert   		CODE           	0037	0000	1090
		_main          		CODE           	1365	0000	34
		_LCD_Start     		CODE           	15FE	0000	111
		_isr           		CODE           	1455	0000	59
		_division      		CODE           	1593	0000	107
		_setup         		CODE           	14D6	0000	84
		_I2C_Comunication		CODE           	166D	0000	124

Master_PIC.c estimated size: 2082

D:\Program File\MicroChip\xc8\v2.32\pic\sources\c90\common\awmod.c
		___awmod       		CODE           	0807	0000	91

D:\Program File\MicroChip\xc8\v2.32\pic\sources\c90\common\awmod.c estimated size: 91

D:\Program File\MicroChip\xc8\v2.32\pic\sources\c90\common\fltol.c
		___fltol       		CODE           	16E9	0000	124

D:\Program File\MicroChip\xc8\v2.32\pic\sources\c90\common\fltol.c estimated size: 124

D:\Program File\MicroChip\xc8\v2.32\pic\sources\c90\common\Umul8.c
		___bmul        		CODE           	130F	0000	23

D:\Program File\MicroChip\xc8\v2.32\pic\sources\c90\common\Umul8.c estimated size: 23

D:\Program File\MicroChip\xc8\v2.32\pic\sources\c90\common\Umul8_16.c
		__Umul8_16     		CODE           	13F4	0000	41

D:\Program File\MicroChip\xc8\v2.32\pic\sources\c90\common\Umul8_16.c estimated size: 41

shared
		__stringtab    		STRING         	1000	0000	16
		__initialization		CODE           	000F	0000	36

shared estimated size: 52

D:\Program File\MicroChip\xc8\v2.32\pic\sources\c90\common\awdiv.c
		___awdiv       		CODE           	152A	0000	105

D:\Program File\MicroChip\xc8\v2.32\pic\sources\c90\common\awdiv.c estimated size: 105

D:\Program File\MicroChip\xc8\v2.32\pic\sources\c90\common\xxtofl.c
		___xxtofl      		CODE           	0906	0000	188

D:\Program File\MicroChip\xc8\v2.32\pic\sources\c90\common\xxtofl.c estimated size: 188

D:\Program File\MicroChip\xc8\v2.32\pic\sources\c90\common\sprcmul.c
		___flmul       		CODE           	0479	0000	865

D:\Program File\MicroChip\xc8\v2.32\pic\sources\c90\common\sprcmul.c estimated size: 865

D:\Program File\MicroChip\xc8\v2.32\pic\sources\c90\common\sprcdiv.c
		___fldiv       		CODE           	0B9B	0000	477

D:\Program File\MicroChip\xc8\v2.32\pic\sources\c90\common\sprcdiv.c estimated size: 477

