Microchip MPLAB XC8 Compiler V2.32

Linker command line:

-W-3 --edf=D:\Program File\MicroChip\xc8\v2.32\pic\dat\en_msgs.txt -cn \
  -h+dist/default/production\proyectoesclavo3.X.production.sym \
  --cmf=dist/default/production\proyectoesclavo3.X.production.cmf -z \
  -Q16F887 -oC:\Users\marco\AppData\Local\Temp\xcAs8ks.4 \
  --defsym=__MPLAB_BUILD=1 \
  -Mdist/default/production/proyectoesclavo3.X.production.map -E1 \
  -ver=XC8 Compiler --acfsm=1493 -ASTACK=0110h-016Fh -pstack=STACK \
  -ACODE=00h-07FFhx4 -ASTRCODE=00h-01FFFh -ASTRING=00h-0FFhx32 \
  -ACONST=00h-0FFhx32 -AENTRY=00h-0FFhx32 -ACOMMON=070h-07Fh \
  -ABANK0=020h-06Fh -ABANK1=0A0h-0EFh -ABANK2=0110h-016Fh \
  -ABANK3=0190h-01EFh -ARAM=020h-06Fh,0A0h-0EFh,0110h-016Fh,0190h-01EFh \
  -AABS1=020h-07Fh,0A0h-0EFh,0110h-016Fh,0190h-01EFh -ASFR0=00h-01Fh \
  -ASFR1=080h-09Fh -ASFR2=0100h-010Fh -ASFR3=0180h-018Fh \
  -ACONFIG=02007h-02008h -DCONFIG=2 -AIDLOC=02000h-02003h -DIDLOC=2 \
  -AEEDATA=00h-0FFh/02100h -peeprom_data=EEDATA -DEEDATA=2 -DCODE=2 \
  -DSTRCODE=2 -DSTRING=2 -DCONST=2 -DENTRY=2 \
  -preset_vec=00h,intentry=04h,init,end_init -ppowerup=CODE -pcinit=CODE \
  -pfunctab=ENTRY -k C:\Users\marco\AppData\Local\Temp\xcAs8ks.o \
  dist/default/production\proyectoesclavo3.X.production.o 

Object code version is 3.11

Machine type is 16F887



                Name                               Link     Load   Length Selector   Space Scale
C:\Users\marco\AppData\Local\Temp\xcAs8ks.o
                end_init                              C        C        3        8       0
                reset_vec                             0        0        3        0       0
                config                             2007     2007        2        0       4
dist/default/production\proyectoesclavo3.X.production.o
                cinit                                 F        F        7        8       0
                intentry                              4        4        8        8       0
                config                             2007     2007        2        0       4
                text4                                16       16       6E        8       0
                text3                                84       84       1C        8       0
                text2                                A0       A0       1A        8       0
                text1                                BA       BA       18        8       0
                maintext                             D2       D2        E        8       0
                cstackCOMMON                         70       70        6       70       1
                bssCOMMON                            76       76        3       70       1

TOTAL           Name                               Link     Load   Length     Space
        CLASS   STACK          

        CLASS   CODE           
                end_init                              C        C        3         0
                cinit                                 F        F        7         0
                intentry                              4        4        8         0
                reset_vec                             0        0        3         0
                text4                                16       16       6E         0
                text3                                84       84       1C         0
                text2                                A0       A0       1A         0
                text1                                BA       BA       18         0
                maintext                             D2       D2        E         0

        CLASS   STRCODE        

        CLASS   STRING         

        CLASS   CONST          

        CLASS   ENTRY          

        CLASS   COMMON         
                cstackCOMMON                         70       70        6         1
                bssCOMMON                            76       76        3         1

        CLASS   BANK0          

        CLASS   BANK1          

        CLASS   BANK2          

        CLASS   BANK3          

        CLASS   RAM            

        CLASS   ABS1           
                abs_s1                               7E       7E        2         1

        CLASS   SFR0           

        CLASS   SFR1           

        CLASS   SFR2           

        CLASS   SFR3           

        CLASS   CONFIG         
                config                             2007     2007        2         4

        CLASS   IDLOC          

        CLASS   EEDATA         



SEGMENTS        Name                           Load    Length   Top    Selector   Space  Class     Delta

                reset_vec                      000000  000003  000003         0       0  CODE        2
                intentry                       000004  0000DC  0000E0         8       0  CODE        2
                cstackCOMMON                   000070  000009  000079        70       1  COMMON      1


UNUSED ADDRESS RANGES

        Name                Unused          Largest block    Delta
        BANK0            0020-006F             50           1
        BANK1            00A0-00EF             50           1
        BANK2            0110-016F             60           1
        BANK3            0190-01EF             60           1
        CODE             0003-0003              1           2
                         00E0-1FFF            800
        COMMON           0079-007D              5           1
        CONST            0003-0003              1           2
                         00E0-1FFF            100
        EEDATA           2100-21FF            100           2
        ENTRY            0003-0003              1           2
                         00E0-1FFF            100
        IDLOC            2000-2003              4           2
        RAM              0020-006F             50           1
                         00A0-00EF             50
                         0110-016F             60
                         0190-01EF             60
        SFR0             0000-001F             20           1
        SFR1             0080-009F             20           1
        SFR2             0100-010F             10           1
        SFR3             0180-018F             10           1
        STACK            0110-016F             60           1
        STRCODE          0003-0003              1           2
                         00E0-1FFF           1F20
        STRING           0003-0003              1           2
                         00E0-1FFF            100

                                  Symbol Table

I2C_Slave_Init@address   cstackCOMMON 0073
_ANSEL                   (abs)        0188
_ANSELH                  (abs)        0189
_BF                      (abs)        04A0
_C                       bssCOMMON    0078
_CONT                    bssCOMMON    0077
_GIE                     (abs)        005F
_I2C_Slave_Init          text2        00A0
_INTCONbits              (abs)        000B
_OSCCONbits              (abs)        008F
_PEIE                    (abs)        005E
_PIR1bits                (abs)        000C
_PORTD                   (abs)        0008
_RA0                     (abs)        0028
_RB7                     (abs)        0037
_SSPADD                  (abs)        0093
_SSPBUF                  (abs)        0013
_SSPCON                  (abs)        0014
_SSPCON2                 (abs)        0091
_SSPCON2bits             (abs)        0091
_SSPCONbits              (abs)        0014
_SSPIE                   (abs)        0463
_SSPIF                   (abs)        0063
_SSPSTAT                 (abs)        0094
_SSPSTATbits             (abs)        0094
_TRISA0                  (abs)        0428
_TRISB0                  (abs)        0430
_TRISBbits               (abs)        0086
_TRISC3                  (abs)        043B
_TRISC4                  (abs)        043C
_TRISCbits               (abs)        0087
__Habs1                  abs1         0000
__Hbank0                 bank0        0000
__Hbank1                 bank1        0000
__Hbank2                 bank2        0000
__Hbank3                 bank3        0000
__HbssCOMMON             bssCOMMON    0000
__Hcinit                 cinit        0016
__Hclrtext               clrtext      0000
__Hcode                  code         0000
__Hcommon                common       0000
__Hconfig                config       2009
__HcstackCOMMON          cstackCOMMON 0000
__Heeprom_data           eeprom_data  0000
__Hend_init              end_init     000F
__Hfunctab               functab      0000
__Hinit                  init         000C
__Hintentry              intentry     000C
__Hmaintext              maintext     0000
__Hpowerup               powerup      0000
__Hram                   ram          0000
__Hreset_vec             reset_vec    0003
__Hsfr0                  sfr0         0000
__Hsfr1                  sfr1         0000
__Hsfr2                  sfr2         0000
__Hsfr3                  sfr3         0000
__Hspace_0               (abs)        00E0
__Hspace_1               (abs)        0079
__Hspace_2               (abs)        0000
__Hspace_3               (abs)        0000
__Hspace_4               (abs)        4010
__Hstack                 stack        0000
__Hstrings               strings      0000
__Htext                  text         0000
__Labs1                  abs1         0000
__Lbank0                 bank0        0000
__Lbank1                 bank1        0000
__Lbank2                 bank2        0000
__Lbank3                 bank3        0000
__LbssCOMMON             bssCOMMON    0000
__Lcinit                 cinit        000F
__Lclrtext               clrtext      0000
__Lcode                  code         0000
__Lcommon                common       0000
__Lconfig                config       0000
__LcstackCOMMON          cstackCOMMON 0000
__Leeprom_data           eeprom_data  0000
__Lend_init              end_init     000C
__Lfunctab               functab      0000
__Linit                  init         000C
__Lintentry              intentry     0004
__Lmaintext              maintext     0000
__Lpowerup               powerup      0000
__Lram                   ram          0000
__Lreset_vec             reset_vec    0000
__Lsfr0                  sfr0         0000
__Lsfr1                  sfr1         0000
__Lsfr2                  sfr2         0000
__Lsfr3                  sfr3         0000
__Lspace_0               (abs)        0000
__Lspace_1               (abs)        0000
__Lspace_2               (abs)        0000
__Lspace_3               (abs)        0000
__Lspace_4               (abs)        0000
__Lstack                 stack        0000
__Lstrings               strings      0000
__Ltext                  text         0000
__S0                     (abs)        00E0
__S1                     (abs)        0079
__S2                     (abs)        0000
__S3                     (abs)        0000
___int_sp                stack        0000
___latbits               (abs)        0002
___sp                    stack        0000
___stackhi               (abs)        0000
___stacklo               (abs)        0000
__end_of_I2C_Slave_Init  text2        00BA
__end_of__initialization cinit        0012
__end_of_infrared        text3        00A0
__end_of_isr             text4        0084
__end_of_main            maintext     00E0
__end_of_setup           text1        00D2
__initialization         cinit        000F
__pbssCOMMON             bssCOMMON    0076
__pcstackCOMMON          cstackCOMMON 0070
__pintentry              intentry     0004
__pmaintext              maintext     00D2
__ptext1                 text1        00BA
__ptext2                 text2        00A0
__ptext3                 text3        0084
__ptext4                 text4        0016
__size_of_I2C_Slave_Init (abs)        0000
__size_of_infrared       (abs)        0000
__size_of_isr            (abs)        0000
__size_of_main           (abs)        0000
__size_of_setup          (abs)        0000
_counter                 bssCOMMON    0076
_infrared                text3        0084
_isr                     text4        0016
_main                    maintext     00D2
_setup                   text1        00BA
btemp                    (abs)        007E
end_of_initialization    cinit        0012
interrupt_function       intentry     0004
intlevel0                functab      0000
intlevel1                functab      0000
intlevel2                functab      0000
intlevel3                functab      0000
intlevel4                functab      0000
intlevel5                functab      0000
reset_vec                reset_vec    0000
saved_w                  (abs)        007E
start                    init         000C
start_initialization     cinit        000F
wtemp0                   (abs)        007E


MODULE INFORMATION

Module		Function		Class		Link	Load	Size
ESCLAVO3.c
		_infrared      		CODE           	0084	0000	28
		_main          		CODE           	00D2	0000	14
		_isr           		CODE           	0016	0000	110
		_setup         		CODE           	00BA	0000	24

ESCLAVO3.c estimated size: 176

I2C.c
		_I2C_Slave_Init		CODE           	00A0	0000	26

I2C.c estimated size: 26

shared
		__initialization		CODE           	000F	0000	3

shared estimated size: 3

